2026-04-30 21:16:50,771	INFO usage_lib.py:447 -- Usage stats collection is disabled.
2026-04-30 21:16:50,771	INFO scripts.py:936 -- Local node IP: 128.55.70.19
2026-04-30 21:16:57,343	SUCC scripts.py:975 -- --------------------
2026-04-30 21:16:57,343	SUCC scripts.py:976 -- Ray runtime started.
2026-04-30 21:16:57,343	SUCC scripts.py:977 -- --------------------
2026-04-30 21:16:57,343	INFO scripts.py:979 -- Next steps
2026-04-30 21:16:57,343	INFO scripts.py:982 -- To add another node to this Ray cluster, run
2026-04-30 21:16:57,343	INFO scripts.py:985 --   ray start --address='128.55.70.19:6379'
2026-04-30 21:16:57,343	INFO scripts.py:996 -- To connect to this Ray cluster:
2026-04-30 21:16:57,343	INFO scripts.py:998 -- import ray
2026-04-30 21:16:57,343	INFO scripts.py:999 -- ray.init(_node_ip_address='128.55.70.19')
2026-04-30 21:16:57,343	INFO scripts.py:1032 -- To terminate the Ray runtime, run
2026-04-30 21:16:57,343	INFO scripts.py:1033 --   ray stop
2026-04-30 21:16:57,343	INFO scripts.py:1036 -- To view the status of the cluster, use
2026-04-30 21:16:57,343	INFO scripts.py:1037 --   ray status
2026-04-30 21:16:57,343	INFO scripts.py:1155 -- --block
2026-04-30 21:16:57,343	INFO scripts.py:1156 -- This command will now block forever until terminated by a signal.
2026-04-30 21:16:57,343	INFO scripts.py:1159 -- Running subprocesses are monitored and a message will be printed if any of them terminate unexpectedly. Subprocesses exit with SIGTERM will be treated as graceful, thus NOT reported.
2026-04-30 21:16:57,343	INFO scripts.py:1164 -- Process exit logs will be saved to: /tmp/ray/session_2026-04-30_21-16-50_771771_48894/logs/ray_process_exit.log
srun: error: nid001096: task 0: Exited with exit code 1
srun: Terminating StepId=52294371.34
