2026-05-03 15:39:28,066	INFO usage_lib.py:441 -- Usage stats collection is disabled.
2026-05-03 15:39:28,066	INFO scripts.py:913 -- Local node IP: 128.55.82.159
2026-05-03 15:39:31,826	SUCC scripts.py:949 -- --------------------
2026-05-03 15:39:31,826	SUCC scripts.py:950 -- Ray runtime started.
2026-05-03 15:39:31,826	SUCC scripts.py:951 -- --------------------
2026-05-03 15:39:31,826	INFO scripts.py:953 -- Next steps
2026-05-03 15:39:31,826	INFO scripts.py:956 -- To add another node to this Ray cluster, run
2026-05-03 15:39:31,826	INFO scripts.py:959 --   ray start --address='128.55.82.159:6379'
2026-05-03 15:39:31,826	INFO scripts.py:968 -- To connect to this Ray cluster:
2026-05-03 15:39:31,826	INFO scripts.py:970 -- import ray
2026-05-03 15:39:31,826	INFO scripts.py:971 -- ray.init(_node_ip_address='128.55.82.159')
2026-05-03 15:39:31,826	INFO scripts.py:1002 -- To terminate the Ray runtime, run
2026-05-03 15:39:31,826	INFO scripts.py:1003 --   ray stop
2026-05-03 15:39:31,826	INFO scripts.py:1006 -- To view the status of the cluster, use
2026-05-03 15:39:31,826	INFO scripts.py:1007 --   ray status
2026-05-03 15:39:31,827	INFO scripts.py:1123 -- --block
2026-05-03 15:39:31,827	INFO scripts.py:1124 -- This command will now block forever until terminated by a signal.
2026-05-03 15:39:31,827	INFO scripts.py:1127 -- Running subprocesses are monitored and a message will be printed if any of them terminate unexpectedly. Subprocesses exit with SIGTERM will be treated as graceful, thus NOT reported.
srun: error: nid008352: task 0: Exited with exit code 1
srun: Terminating StepId=52403036.11
