2026-05-02 01:57:44.917 - aiperf.cli_runner - INFO - Starting AIPerf System
2026-05-02 01:57:45.328 - system_controller - INFO - Registered Worker Manager (id: 'worker_manager')
2026-05-02 01:57:45.380 - GPUTelemetryJSONLWriter_e2d5f055 - INFO - GPU telemetry export enabled: artifacts/p4/vision_medium_1img_1024/Qwen_Qwen2.5-VL-32B-Instruct-aggregated-native-vllm_concurrency4_20260502_015303/gpu_telemetry_export.jsonl
2026-05-02 01:57:45.396 - system_controller - INFO - Registered Timing Manager (id: 'timing_manager')
2026-05-02 01:57:45.400 - RecordExportResultsProcessor_a309bdf9 - INFO - Record metrics export enabled: artifacts/p4/vision_medium_1img_1024/Qwen_Qwen2.5-VL-32B-Instruct-aggregated-native-vllm_concurrency4_20260502_015303/profile_export.jsonl
2026-05-02 01:57:45.408 - system_controller - INFO - Registered Dataset Manager (id: 'dataset_manager')
2026-05-02 01:57:45.463 - system_controller - INFO - Registered Record Processor (id: 'record_processor_c5161abf')
2026-05-02 01:57:45.525 - system_controller - INFO - Registered Worker (id: 'worker_462f00a2')
2026-05-02 01:57:45.535 - system_controller - INFO - Registered Worker (id: 'worker_4bee80eb')
2026-05-02 01:57:45.544 - system_controller - INFO - Registered Worker (id: 'worker_ea12cf7e')
2026-05-02 01:57:45.552 - server_metrics_manager - INFO - Server Metrics: Discovered 1 endpoints: ['http://localhost:8000/metrics']
2026-05-02 01:57:45.556 - system_controller - INFO - Registered Worker (id: 'worker_0dbe845d')
2026-05-02 01:57:45.604 - system_controller - INFO - Registered Gpu Telemetry Manager (id: 'gpu_telemetry_manager')
2026-05-02 01:57:45.617 - system_controller - INFO - Registered Records Manager (id: 'records_manager')
2026-05-02 01:57:45.632 - system_controller - INFO - Registered Server Metrics Manager (id: 'server_metrics_manager')
2026-05-02 01:57:45.780 - system_controller - INFO - AIPerf System is CONFIGURING
2026-05-02 01:57:45.791 - system_controller - INFO - Configuring all services to start profiling
2026-05-02 01:57:45.808 - dataset_manager - INFO - Configuring tokenizer(s) for dataset manager
2026-05-02 01:57:45.808 - InferenceResultParser_991db7a5 - INFO - Tokenization is disabled for this endpoint, skipping tokenizer configuration
2026-05-02 01:57:45.809 - timing_manager - INFO - Waiting for dataset to be configured before configuring timing
2026-05-02 01:57:45.848 - system_controller - INFO - GPU telemetry enabled - 1/1 endpoint(s) reachable
2026-05-02 01:57:45.852 - server_metrics_manager - INFO - Server Metrics: Capturing baseline metrics...
2026-05-02 01:57:45.887 - http://localhost:8000/metrics - INFO - Skipping unsupported summary metric: http_request_size_bytes
2026-05-02 01:57:45.897 - http://localhost:8000/metrics - INFO - Skipping unsupported summary metric: http_response_size_bytes
2026-05-02 01:57:45.907 - system_controller - INFO - Server metrics enabled - 1/1 endpoint(s) reachable.
2026-05-02 01:57:53.550 - dataset_manager - INFO - Tokenizer(s) configured in 7.73 seconds
2026-05-02 01:57:53.560 - dataset_manager - INFO - Configuring dataset for dataset_manager
2026-05-02 01:57:54.013 - CustomDatasetComposer - INFO - Using preferred sampling strategy for single_turn: sequential
2026-05-02 01:58:03.346 - MemoryMapDatasetBackingStore_cf3f4783 - INFO - Memory-mapped backing store initialized (streaming to /tmp/aiperf_mmap_170530d4-bd36-4c9b-9d69-2c8902242690/dataset.dat)
2026-05-02 01:58:03.399 - MemoryMapDatasetBackingStore_cf3f4783 - INFO - Data file finalized: 12 conversations, 29.66 MB
2026-05-02 01:58:03.406 - MemoryMapDatasetBackingStore_cf3f4783 - INFO - Index file created: /tmp/aiperf_mmap_170530d4-bd36-4c9b-9d69-2c8902242690/index.dat
2026-05-02 01:58:03.412 - dataset_manager - INFO - Backing store finalized: client_type=DatasetClientStoreType.MEMORY_MAP data_file_path=PosixPath('/tmp/aiperf_mmap_170530d4-bd36-4c9b-9d69-2c8902242690/dataset.dat') index_file_path=PosixPath('/tmp/aiperf_mmap_170530d4-bd36-4c9b-9d69-2c8902242690/index.dat') conversation_count=12 total_size_bytes=31103990
2026-05-02 01:58:03.419 - dataset_manager - INFO - sampling strategy: sequential, unique conversations: 12, unique turn count: 12
2026-05-02 01:58:03.469 - PhaseOrchestrator_ccac0364 - INFO - Initialized 2 phase(s): ['Warmup', 'Profiling']
2026-05-02 01:58:03.471 - dataset_manager - INFO - Generating inputs.json file at /global/u2/k/krajeshk/PRISM/artifacts/p4/vision_medium_1img_1024/Qwen_Qwen2.5-VL-32B-Instruct-aggregated-native-vllm_concurrency4_20260502_015303/inputs.json
2026-05-02 01:58:04.648 - dataset_manager - INFO - inputs.json file generated in 1.17 seconds
2026-05-02 01:58:04.934 - dataset_manager - INFO - Dataset client initialized and freed 12 conversations from memory
2026-05-02 01:58:04.935 - dataset_manager - INFO - Dataset configured in 11.37 seconds
2026-05-02 01:58:04.946 - system_controller - INFO - All services configured in 19.14 seconds
2026-05-02 01:58:04.957 - system_controller - INFO - AIPerf System is CONFIGURED
2026-05-02 01:58:04.976 - server_metrics_manager - INFO - Server Metrics: Started 1 collector(s) successfully
2026-05-02 01:58:04.979 - RateTiming - INFO - Creating interval generator: pattern=concurrency_burst, rate=None, smoothness=None
2026-05-02 01:58:04.992 - PhaseRunner - NOTICE - Phase warmup started | target: 10 requests
2026-05-02 01:58:04.999 - records_manager - INFO - Credit phase start: warmup
2026-05-02 01:58:05.025 - pynvml_collector - INFO - PyNVML initialized with 4 GPU(s) (0 with GPM support)
2026-05-02 01:58:05.032 - system_controller - INFO - All services started profiling successfully
2026-05-02 01:58:05.033 - system_controller - INFO - AIPerf System is PROFILING
2026-05-02 02:03:11.661 - EventLoopMonitor - WARNING - Event loop for worker_4bee80eb is taking too long to run. Overhead: 91.64ms
2026-05-02 02:03:11.677 - worker_4bee80eb - WARNING - Event loop is blocked for 91.64ms
2026-05-02 02:18:39.548 - PhaseRunner - NOTICE - Phase warmup sending complete | sent=10, completed=9, in_flight=1 | sessions: sent=10, completed=9
2026-05-02 02:18:39.561 - PhaseRunner - NOTICE - Phase warmup complete | completed=10, cancelled=0, errors=0 | sessions: completed=10, cancelled=0 | elapsed=1234.57s
2026-05-02 02:18:39.562 - RateTiming - INFO - Creating interval generator: pattern=concurrency_burst, rate=None, smoothness=None
2026-05-02 02:18:39.563 - PhaseRunner - NOTICE - Phase profiling started | target: 12 requests
2026-05-02 02:18:39.564 - records_manager - INFO - Credit phase start: profiling
2026-05-02 02:18:39.622 - PhaseRunner - NOTICE - Phase profiling sending complete | sent=12, completed=8, in_flight=4 | sessions: sent=12, completed=8
2026-05-02 02:18:39.624 - records_manager - INFO - Sent 12 requests. Waiting for all to complete...
2026-05-02 02:18:39.646 - PhaseRunner - NOTICE - Phase profiling complete | completed=12, cancelled=0, errors=0 | sessions: completed=12, cancelled=0 | elapsed=0.08s
2026-05-02 02:18:39.647 - PhaseOrchestrator_ccac0364 - NOTICE - All credits completed
2026-05-02 02:18:39.647 - records_manager - INFO - Received CREDIT_PHASE_COMPLETE message, Phase complete: PhaseRecordsStats(phase=CreditPhase.PROFILING, start_ns=1777713519563420681, sent_end_ns=1777713519622006623, requests_end_ns=1777713519646041399, total_expected_requests=12, expected_duration_sec=None, expected_num_sessions=None, expected_grace_period_sec=None, final_requests_sent=None, final_requests_completed=12, final_requests_cancelled=0, final_request_errors=0, final_sent_sessions=None, final_completed_sessions=None, final_cancelled_sessions=None, timeout_triggered=False, grace_period_timeout_triggered=False, was_cancelled=False, records_end_ns=None, success_records=0, error_records=10)
2026-05-02 02:18:39.648 - system_controller - INFO - Received credits complete from 'timing_manager'
2026-05-02 02:18:39.648 - records_manager - NOTICE - All requests have completed, please wait for the results to be processed (currently 10 of 12 records processed)...
2026-05-02 02:18:39.649 - records_manager - INFO - All credits complete, please wait for the results to be processed...
2026-05-02 02:18:39.652 - records_manager - INFO - Processed 0 valid requests and 12 errors (12 total).
2026-05-02 02:18:39.653 - records_manager - INFO - Received all records, processing now...
2026-05-02 02:18:39.655 - records_manager - INFO - Waiting 2.0s for server metrics flush period...
2026-05-02 02:18:39.655 - gpu_telemetry_manager - INFO - GPU Telemetry: Profiling complete, capturing final metrics...
2026-05-02 02:18:39.655 - server_metrics_manager - INFO - Server Metrics: Profiling complete, capturing final metrics...
2026-05-02 02:18:39.659 - gpu_telemetry_manager - WARNING - GPU Telemetry: Failed to capture final state from pynvml://localhost: 'PyNVMLTelemetryCollector' object has no attribute 'collect_and_process_metrics'
2026-05-02 02:18:41.648 - records_manager - INFO - Processing records results...
2026-05-02 02:18:41.650 - system_controller - INFO - Waiting for telemetry results...
2026-05-02 02:18:41.651 - system_controller - INFO - Waiting for server metrics results...
2026-05-02 02:18:41.652 - system_controller - INFO - Waiting for server metrics results...
2026-05-02 02:18:41.658 - records_manager - INFO - _finalize_and_process_results completed
2026-05-02 02:18:41.660 - system_controller - INFO - All results received, initiating shutdown
2026-05-02 02:18:42.264 - ExporterManager - INFO - Exporting all records
2026-05-02 02:18:42.408 - ExporterManager - INFO - Exporting console data
